e: The daemon has terminated unexpectedly on startup attempt #1 with error code: 0. The daemon process output:
    1. Kotlin compile daemon is ready

> Task :app:mergeExtDexDebug
--
> Task :app:compileDebugKotlin FAILED
e: file:///home/runner/work/table_tennis/table_tennis/android/app/src/main/java/com/yuhyah/ttcoach/ShadowActivity.kt:271:25 Operator '==' cannot be applied to 'kotlin.Long' and 'kotlin.Int'.
gradle/actions: Writing build results to /home/runner/work/_temp/.gradle-actions/build-results/__run_3-1790604477965.json

FAILURE: Build failed with an exception.
--
* What went wrong:
Execution failed for task ':app:compileDebugKotlin'.
> A failure occurred while executing org.jetbrains.kotlin.compilerRunner.GradleCompilerRunnerWithWorkers$GradleKotlinCompilerWorkAction
   > Compilation error. See log for more details
--
BUILD FAILED in 35s
29 actionable tasks: 29 executed
